[DEBUG LAB4]: 	COMMENTLINE		// i am a function: this function has many syntax errors.	1	0
[DEBUG LAB4]: 	INT		int	3	0
[DEBUG LAB4]: 	ID		f	3	4	93834481599984
[DEBUG LAB4]: 	LPAREN		(	3	5
[DEBUG LAB4]: 	RPAREN		)	3	6
[DEBUG LAB4]: 	LBRACE		{	3	7
[DEBUG LAB4]: 	INT		int	4	1
[DEBUG LAB4]: 	ID		a	4	5	93834481600272
[DEBUG LAB4]: 	SEMICOLON		;	4	6
[DEBUG LAB4]: 	ID		a	5	1	93834481600272
[DEBUG LAB4]: 	ASSIGN		=	5	3
[DEBUG LAB4]: 	DECIMIAL_INT		0	5	5	0.000000
[DEBUG LAB4]: 	SEMICOLON		;	5	6
[DEBUG LAB4]: 	WHILE		while	6	1
[DEBUG LAB4]: 	LPAREN		(	6	6
[DEBUG LAB4]: 	ID		a	6	7	93834481600272
[DEBUG LAB4]: 	LESS		<	6	8
[DEBUG LAB4]: 	DECIMIAL_INT		10	6	9	10.000000
[DEBUG LAB4]: 	RPAREN		)	6	11
[DEBUG LAB4]: 	LBRACE		{	6	12
[DEBUG LAB4]: 	ID		a	7	2	93834481600448
[DEBUG LAB4]: 	ASSIGN		=	7	4
[DEBUG LAB4]: 	ID		a	7	6	93834481600448
[DEBUG LAB4]: 	MUL		*	7	8
[DEBUG LAB4]: 	DECIMIAL_INT		2345	7	10	2345.000000
[DEBUG LAB4]: 	SEMICOLON		;	7	14
[DEBUG LAB4]: 	RBRACE		}	8	1
[DEBUG LAB4]: 	RETURN		return	9	1
[DEBUG LAB4]: 	ID		a	9	8	93834481600272
[DEBUG LAB4]: 	SEMICOLON		;	9	9
[DEBUG LAB4]: 	RBRACE		}	10	0
[DEBUG LAB4]: 	INT		int	12	0
[DEBUG LAB4]: 	ID		main	12	4	93834481600624
[DEBUG LAB4]: 	LPAREN		(	12	8
[DEBUG LAB4]: 	RPAREN		)	12	9
[DEBUG LAB4]: 	LBRACE		{	12	10
[DEBUG LAB4]: 	INT		int	13	1
[DEBUG LAB4]: 	ID		_testid	13	5	93834481600736
[DEBUG LAB4]: 	SEMICOLON		;	13	12
[DEBUG LAB4]: 	ID		_testid	14	1	93834481600736
[DEBUG LAB4]: 	ASSIGN		=	14	9
[DEBUG LAB4]: 	DECIMIAL_INT		0	14	11	0.000000
[DEBUG LAB4]: 	SEMICOLON		;	14	12
[DEBUG LAB4]: 	IF		if	15	1
[DEBUG LAB4]: 	LPAREN		(	15	3
[DEBUG LAB4]: 	ID		_testid	15	4	93834481600736
[DEBUG LAB4]: 	EQUAL		==	15	11
[DEBUG LAB4]: 	DECIMIAL_INT		0	15	13	0.000000
[DEBUG LAB4]: 	RPAREN		)	15	14
[DEBUG LAB4]: 	LBRACE		{	15	15
[DEBUG LAB4]: 	INT		int	16	2
[DEBUG LAB4]: 	ID		_testid	16	6	93834481600912
[DEBUG LAB4]: 	SEMICOLON		;	16	13
[DEBUG LAB4]: 	INT		int	17	2
[DEBUG LAB4]: 	ID		_testid2	17	6	93834481601088
[DEBUG LAB4]: 	SEMICOLON		;	17	14
[DEBUG LAB4]: 	ID		_testid1	18	2	93834481601200
[DEBUG LAB4]: 	ASSIGN		=	18	10
[DEBUG LAB4]: 	ID		_testid1	18	11	93834481601200
[DEBUG LAB4]: 	ADD		+	18	19
[DEBUG LAB4]: 	DECIMIAL_INT		1	18	20	1.000000
[DEBUG LAB4]: 	SEMICOLON		;	18	21
[DEBUG LAB4]: 	RBRACE		}	19	1
[DEBUG LAB4]: 	COMMENTBEGIN		/*	20	1
[DEBUG LAB4]: 	COMMENTEND		*/	22	0
[DEBUG LAB4]: 	LBRACE		{	23	1
[DEBUG LAB4]: 	INT		int	24	2
[DEBUG LAB4]: 	ID		a	24	6	93834481601312
[DEBUG LAB4]: 	SEMICOLON		;	24	7
[DEBUG LAB4]: 	RBRACE		}	25	1
[DEBUG LAB4]: 	LBRACE		{	26	1
[DEBUG LAB4]: 	INT		int	27	2
[DEBUG LAB4]: 	ID		a	27	6	93834481601488
[DEBUG LAB4]: 	SEMICOLON		;	27	7
[DEBUG LAB4]: 	RBRACE		}	28	1
[DEBUG LAB4]: 	INT		int	29	1
[DEBUG LAB4]: 	ID		b	29	5	93834481601664
[DEBUG LAB4]: 	SEMICOLON		;	29	6
[DEBUG LAB4]: 	RETURN		return	30	1
[DEBUG LAB4]: 	DECIMIAL_INT		0	30	8	0.000000
[DEBUG LAB4]: 	SEMICOLON		;	30	9
[DEBUG LAB4]: 	RBRACE		}	31	0
[DEBUG LAB4]: 	COMMENTBEGIN		/*	33	0
[DEBUG LAB4]: 	COMMENTEND		*/	35	0
